<?xml version="1.0" encoding="UTF-8"?>
<testsuites name="jest tests" tests="69" failures="0" errors="0" time="6.162">
  <testsuite name="undefined" errors="0" failures="0" skipped="0" timestamp="2025-02-09T23:38:34" time="2.358" tests="7">
    <testcase classname=" HomeScreen renders correctly" name=" HomeScreen renders correctly" time="0.249">
    </testcase>
    <testcase classname=" HomeScreen navigates to CampusMap on button press" name=" HomeScreen navigates to CampusMap on button press" time="0.008">
    </testcase>
    <testcase classname=" HomeScreen navigates to Directions on button press" name=" HomeScreen navigates to Directions on button press" time="0.005">
    </testcase>
    <testcase classname=" HomeScreen navigates to CalendarIntegration on button press" name=" HomeScreen navigates to CalendarIntegration on button press" time="0.003">
    </testcase>
    <testcase classname=" HomeScreen navigates to IndoorDirections on button press" name=" HomeScreen navigates to IndoorDirections on button press" time="0.007">
    </testcase>
    <testcase classname=" HomeScreen navigates to PointsOfInterest on button press" name=" HomeScreen navigates to PointsOfInterest on button press" time="0.004">
    </testcase>
    <testcase classname=" HomeScreen renders title correctly" name=" HomeScreen renders title correctly" time="0.003">
    </testcase>
  </testsuite>
  <testsuite name="CampusMap" errors="0" failures="0" skipped="0" timestamp="2025-02-09T23:38:34" time="5.719" tests="62">
    <testcase classname="CampusMap map renders correctly with user location" name="CampusMap map renders correctly with user location" time="0.518">
    </testcase>
    <testcase classname="CampusMap switches to SGW campus on button press" name="CampusMap switches to SGW campus on button press" time="0.017">
    </testcase>
    <testcase classname="CampusMap switches to Loyola campus on button press" name="CampusMap switches to Loyola campus on button press" time="0.014">
    </testcase>
    <testcase classname="CampusMap renders &quot;You are here&quot; marker correctly" name="CampusMap renders &quot;You are here&quot; marker correctly" time="0.056">
    </testcase>
    <testcase classname="CampusMap displays JMSB building information on marker press" name="CampusMap displays JMSB building information on marker press" time="0.068">
    </testcase>
    <testcase classname="CampusMap displays B Annex building information on marker press" name="CampusMap displays B Annex building information on marker press" time="0.061">
    </testcase>
    <testcase classname="CampusMap displays CI Annex building information on marker press" name="CampusMap displays CI Annex building information on marker press" time="0.062">
    </testcase>
    <testcase classname="CampusMap displays CL Annex building information on marker press" name="CampusMap displays CL Annex building information on marker press" time="0.059">
    </testcase>
    <testcase classname="CampusMap displays D Annex building information on marker press" name="CampusMap displays D Annex building information on marker press" time="0.057">
    </testcase>
    <testcase classname="CampusMap displays EN Annex building information on marker press" name="CampusMap displays EN Annex building information on marker press" time="0.064">
    </testcase>
    <testcase classname="CampusMap displays ER Building building information on marker press" name="CampusMap displays ER Building building information on marker press" time="0.057">
    </testcase>
    <testcase classname="CampusMap displays EV Building building information on marker press" name="CampusMap displays EV Building building information on marker press" time="0.06">
    </testcase>
    <testcase classname="CampusMap displays FA Annex building information on marker press" name="CampusMap displays FA Annex building information on marker press" time="0.056">
    </testcase>
    <testcase classname="CampusMap displays FB Building building information on marker press" name="CampusMap displays FB Building building information on marker press" time="0.06">
    </testcase>
    <testcase classname="CampusMap displays FG Building building information on marker press" name="CampusMap displays FG Building building information on marker press" time="0.064">
    </testcase>
    <testcase classname="CampusMap displays Grey Nuns Building building information on marker press" name="CampusMap displays Grey Nuns Building building information on marker press" time="0.056">
    </testcase>
    <testcase classname="CampusMap displays Guy-de Maisonneuve building information on marker press" name="CampusMap displays Guy-de Maisonneuve building information on marker press" time="0.06">
    </testcase>
    <testcase classname="CampusMap displays GS Building building information on marker press" name="CampusMap displays GS Building building information on marker press" time="0.058">
    </testcase>
    <testcase classname="CampusMap displays Hall Building building information on marker press" name="CampusMap displays Hall Building building information on marker press" time="0.062">
    </testcase>
    <testcase classname="CampusMap displays K Annex building information on marker press" name="CampusMap displays K Annex building information on marker press" time="0.06">
    </testcase>
    <testcase classname="CampusMap displays LB Building building information on marker press" name="CampusMap displays LB Building building information on marker press" time="0.059">
    </testcase>
    <testcase classname="CampusMap displays LS Building building information on marker press" name="CampusMap displays LS Building building information on marker press" time="0.06">
    </testcase>
    <testcase classname="CampusMap displays M Annex building information on marker press" name="CampusMap displays M Annex building information on marker press" time="0.063">
    </testcase>
    <testcase classname="CampusMap displays MI Annex building information on marker press" name="CampusMap displays MI Annex building information on marker press" time="0.061">
    </testcase>
    <testcase classname="CampusMap displays MU Annex building information on marker press" name="CampusMap displays MU Annex building information on marker press" time="0.058">
    </testcase>
    <testcase classname="CampusMap displays P Annex building information on marker press" name="CampusMap displays P Annex building information on marker press" time="0.06">
    </testcase>
    <testcase classname="CampusMap displays PR Annex building information on marker press" name="CampusMap displays PR Annex building information on marker press" time="0.059">
    </testcase>
    <testcase classname="CampusMap displays Q Annex building information on marker press" name="CampusMap displays Q Annex building information on marker press" time="0.062">
    </testcase>
    <testcase classname="CampusMap displays R Annex building information on marker press" name="CampusMap displays R Annex building information on marker press" time="0.06">
    </testcase>
    <testcase classname="CampusMap displays RR Annex building information on marker press" name="CampusMap displays RR Annex building information on marker press" time="0.064">
    </testcase>
    <testcase classname="CampusMap displays S Annex building information on marker press" name="CampusMap displays S Annex building information on marker press" time="0.068">
    </testcase>
    <testcase classname="CampusMap displays Samuel Bronfman Building building information on marker press" name="CampusMap displays Samuel Bronfman Building building information on marker press" time="0.058">
    </testcase>
    <testcase classname="CampusMap displays Toronto-Dominion Building building information on marker press" name="CampusMap displays Toronto-Dominion Building building information on marker press" time="0.061">
    </testcase>
    <testcase classname="CampusMap displays V Annex building information on marker press" name="CampusMap displays V Annex building information on marker press" time="0.06">
    </testcase>
    <testcase classname="CampusMap displays Visual Arts Building building information on marker press" name="CampusMap displays Visual Arts Building building information on marker press" time="0.062">
    </testcase>
    <testcase classname="CampusMap displays X Annex building information on marker press" name="CampusMap displays X Annex building information on marker press" time="0.068">
    </testcase>
    <testcase classname="CampusMap displays Z Annex building information on marker press" name="CampusMap displays Z Annex building information on marker press" time="0.061">
    </testcase>
    <testcase classname="CampusMap displays Administration Building building information on marker press" name="CampusMap displays Administration Building building information on marker press" time="0.06">
    </testcase>
    <testcase classname="CampusMap displays BB Annex building information on marker press" name="CampusMap displays BB Annex building information on marker press" time="0.062">
    </testcase>
    <testcase classname="CampusMap displays BH Annex building information on marker press" name="CampusMap displays BH Annex building information on marker press" time="0.06">
    </testcase>
    <testcase classname="CampusMap displays Central Building building information on marker press" name="CampusMap displays Central Building building information on marker press" time="0.059">
    </testcase>
    <testcase classname="CampusMap displays Communication Studies and Journalism Building building information on marker press" name="CampusMap displays Communication Studies and Journalism Building building information on marker press" time="0.061">
    </testcase>
    <testcase classname="CampusMap displays Stinger Dome building information on marker press" name="CampusMap displays Stinger Dome building information on marker press" time="0.06">
    </testcase>
    <testcase classname="CampusMap displays F. C. Smith Building building information on marker press" name="CampusMap displays F. C. Smith Building building information on marker press" time="0.062">
    </testcase>
    <testcase classname="CampusMap displays Center for Structural and Functional Genomics building information on marker press" name="CampusMap displays Center for Structural and Functional Genomics building information on marker press" time="0.062">
    </testcase>
    <testcase classname="CampusMap displays Hingston Hall, wing HA building information on marker press" name="CampusMap displays Hingston Hall, wing HA building information on marker press" time="0.06">
    </testcase>
    <testcase classname="CampusMap displays Hingston Hall, wing B building information on marker press" name="CampusMap displays Hingston Hall, wing B building information on marker press" time="0.067">
    </testcase>
    <testcase classname="CampusMap displays Hingston Hall, wing HC building information on marker press" name="CampusMap displays Hingston Hall, wing HC building information on marker press" time="0.058">
    </testcase>
    <testcase classname="CampusMap displays Applied Science Hub building information on marker press" name="CampusMap displays Applied Science Hub building information on marker press" time="0.06">
    </testcase>
    <testcase classname="CampusMap displays Jesuit Residence building information on marker press" name="CampusMap displays Jesuit Residence building information on marker press" time="0.062">
    </testcase>
    <testcase classname="CampusMap displays Perform Center building information on marker press" name="CampusMap displays Perform Center building information on marker press" time="0.059">
    </testcase>
    <testcase classname="CampusMap displays Physical Services Building building information on marker press" name="CampusMap displays Physical Services Building building information on marker press" time="0.057">
    </testcase>
    <testcase classname="CampusMap displays Oscar Peterson Concert Hall building information on marker press" name="CampusMap displays Oscar Peterson Concert Hall building information on marker press" time="0.063">
    </testcase>
    <testcase classname="CampusMap displays Psychology Building building information on marker press" name="CampusMap displays Psychology Building building information on marker press" time="0.059">
    </testcase>
    <testcase classname="CampusMap displays Quadrangle building information on marker press" name="CampusMap displays Quadrangle building information on marker press" time="0.062">
    </testcase>
    <testcase classname="CampusMap displays Recreation and Athletics Complex building information on marker press" name="CampusMap displays Recreation and Athletics Complex building information on marker press" time="0.07">
    </testcase>
    <testcase classname="CampusMap displays Loyola Jesuit Hall and Conference Centre building information on marker press" name="CampusMap displays Loyola Jesuit Hall and Conference Centre building information on marker press" time="0.058">
    </testcase>
    <testcase classname="CampusMap displays Student Center building information on marker press" name="CampusMap displays Student Center building information on marker press" time="0.06">
    </testcase>
    <testcase classname="CampusMap displays Solar House building information on marker press" name="CampusMap displays Solar House building information on marker press" time="0.062">
    </testcase>
    <testcase classname="CampusMap displays Saint Ignatius of Loyola Catholic Church building information on marker press" name="CampusMap displays Saint Ignatius of Loyola Catholic Church building information on marker press" time="0.06">
    </testcase>
    <testcase classname="CampusMap displays Richard J Renaud Science Complex building information on marker press" name="CampusMap displays Richard J Renaud Science Complex building information on marker press" time="0.062">
    </testcase>
    <testcase classname="CampusMap renders polygons correctly" name="CampusMap renders polygons correctly" time="0.068">
    </testcase>
  </testsuite>
</testsuites>